

================================================================
== Vitis HLS Report for 'matrixmul_Pipeline_Col'
================================================================
* Date:           Wed Oct 12 21:00:24 2022

* Version:        2022.1 (Build 3526262 on Mon Apr 18 15:48:16 MDT 2022)
* Project:        hls_matrixmul_prj
* Solution:       solution5 (Vivado IP Flow Target)
* Product family: virtexuplus
* Target device:  xcvu9p-flgb2104-1-e


================================================================
== Performance Estimates
================================================================
+ Timing: 
    * Summary: 
    +--------+----------+----------+------------+
    |  Clock |  Target  | Estimated| Uncertainty|
    +--------+----------+----------+------------+
    |ap_clk  |  10.00 ns|  2.816 ns|     2.70 ns|
    +--------+----------+----------+------------+

+ Latency: 
    * Summary: 
    +---------+---------+-----------+-----------+-----+-----+---------+
    |  Latency (cycles) |   Latency (absolute)  |  Interval | Pipeline|
    |   min   |   max   |    min    |    max    | min | max |   Type  |
    +---------+---------+-----------+-----------+-----+-----+---------+
    |        9|        9|  90.000 ns|  90.000 ns|    9|    9|       no|
    +---------+---------+-----------+-----------+-----+-----+---------+

    + Detail: 
        * Instance: 
        N/A

        * Loop: 
        +----------+---------+---------+----------+-----------+-----------+------+----------+
        |          |  Latency (cycles) | Iteration|  Initiation Interval  | Trip |          |
        | Loop Name|   min   |   max   |  Latency |  achieved |   target  | Count| Pipelined|
        +----------+---------+---------+----------+-----------+-----------+------+----------+
        |- Col     |        7|        7|         6|          1|          1|     3|       yes|
        +----------+---------+---------+----------+-----------+-----------+------+----------+

============================================================
+ Verbose Summary: Synthesis Manager
============================================================
InlineROM: 1
ExposeGlobal: 0
============================================================
+ Verbose Summary: CDFG Model
============================================================
IsTopModel: 0
ResetActiveHigh: 1
IsCombinational: 0
IsDatapathOnly: 0
HasWiredReturn: 1
HasMFsm: 2
HasVarLatency: 1
IsPipeline: 0
IsRtlPipelined: 0
IsInstanceOverlapped: 0
IsDontTouch: 0
HasImplIP: 0
IsGatedGlobalClock: 0

+ Individual pipeline summary: 
  * Pipeline-0: initiation interval (II) = 1, depth = 6


============================================================
+ Verbose Summary: Schedule
============================================================
* Number of FSM states : 6
* Pipeline : 1
  Pipeline-0 : II = 1, D = 6, States = { 1 2 3 4 5 6 }
* Dataflow Pipeline: 0

* FSM state transitions: 
1 --> 2 
2 --> 3 
3 --> 4 
4 --> 5 
5 --> 6 
6 --> 

* FSM state operations: 

State 1 <SV = 0> <Delay = 1.08>
ST_1 : Operation 9 [1/1] (0.00ns)   --->   "%j = alloca i32 1"   --->   Operation 9 'alloca' 'j' <Predicate = true> <Delay = 0.00>
ST_1 : Operation 10 [1/1] (0.00ns)   --->   "%sext_ln60_2_read = read i8 @_ssdm_op_Read.ap_auto.i8, i8 %sext_ln60_2"   --->   Operation 10 'read' 'sext_ln60_2_read' <Predicate = true> <Delay = 0.00>
ST_1 : Operation 11 [1/1] (0.00ns)   --->   "%sext_ln60_1_read = read i8 @_ssdm_op_Read.ap_auto.i8, i8 %sext_ln60_1"   --->   Operation 11 'read' 'sext_ln60_1_read' <Predicate = true> <Delay = 0.00>
ST_1 : Operation 12 [1/1] (0.00ns)   --->   "%sext_ln60_read = read i8 @_ssdm_op_Read.ap_auto.i8, i8 %sext_ln60"   --->   Operation 12 'read' 'sext_ln60_read' <Predicate = true> <Delay = 0.00>
ST_1 : Operation 13 [1/1] (0.00ns)   --->   "%sext_ln60_2_cast = sext i8 %sext_ln60_2_read"   --->   Operation 13 'sext' 'sext_ln60_2_cast' <Predicate = true> <Delay = 0.00>
ST_1 : Operation 14 [1/1] (0.00ns)   --->   "%sext_ln60_1_cast = sext i8 %sext_ln60_1_read"   --->   Operation 14 'sext' 'sext_ln60_1_cast' <Predicate = true> <Delay = 0.00>
ST_1 : Operation 15 [1/1] (0.00ns)   --->   "%sext_ln60_cast = sext i8 %sext_ln60_read"   --->   Operation 15 'sext' 'sext_ln60_cast' <Predicate = true> <Delay = 0.00>
ST_1 : Operation 16 [1/1] (0.00ns)   --->   "%specinterface_ln0 = specinterface void @_ssdm_op_SpecInterface, i16 %res, void @empty_0, i32 0, i32 0, void @empty, i32 0, i32 0, void @empty, void @empty, void @empty, i32 0, i32 0, i32 0, i32 0, void @empty, void @empty, i32 4294967295, i32 0"   --->   Operation 16 'specinterface' 'specinterface_ln0' <Predicate = true> <Delay = 0.00>
ST_1 : Operation 17 [1/1] (0.00ns)   --->   "%specinterface_ln0 = specinterface void @_ssdm_op_SpecInterface, i8 %b_2, void @empty_0, i32 0, i32 0, void @empty, i32 0, i32 0, void @empty, void @empty, void @empty, i32 0, i32 0, i32 0, i32 0, void @empty, void @empty, i32 4294967295, i32 0"   --->   Operation 17 'specinterface' 'specinterface_ln0' <Predicate = true> <Delay = 0.00>
ST_1 : Operation 18 [1/1] (0.00ns)   --->   "%specinterface_ln0 = specinterface void @_ssdm_op_SpecInterface, i8 %b_1, void @empty_0, i32 0, i32 0, void @empty, i32 0, i32 0, void @empty, void @empty, void @empty, i32 0, i32 0, i32 0, i32 0, void @empty, void @empty, i32 4294967295, i32 0"   --->   Operation 18 'specinterface' 'specinterface_ln0' <Predicate = true> <Delay = 0.00>
ST_1 : Operation 19 [1/1] (0.00ns)   --->   "%specinterface_ln0 = specinterface void @_ssdm_op_SpecInterface, i8 %b_0, void @empty_0, i32 0, i32 0, void @empty, i32 0, i32 0, void @empty, void @empty, void @empty, i32 0, i32 0, i32 0, i32 0, void @empty, void @empty, i32 4294967295, i32 0"   --->   Operation 19 'specinterface' 'specinterface_ln0' <Predicate = true> <Delay = 0.00>
ST_1 : Operation 20 [1/1] (0.46ns)   --->   "%store_ln0 = store i2 0, i2 %j"   --->   Operation 20 'store' 'store_ln0' <Predicate = true> <Delay = 0.46>
ST_1 : Operation 21 [1/1] (0.00ns)   --->   "%br_ln0 = br void %for.inc"   --->   Operation 21 'br' 'br_ln0' <Predicate = true> <Delay = 0.00>
ST_1 : Operation 22 [1/1] (0.00ns)   --->   "%j_1 = load i2 %j" [../110061901_lab_a/Design_Optimization_Source_Code/lab1/matrixmul.cpp:56]   --->   Operation 22 'load' 'j_1' <Predicate = true> <Delay = 0.00>
ST_1 : Operation 23 [1/1] (0.39ns)   --->   "%icmp_ln56 = icmp_eq  i2 %j_1, i2 3" [../110061901_lab_a/Design_Optimization_Source_Code/lab1/matrixmul.cpp:56]   --->   Operation 23 'icmp' 'icmp_ln56' <Predicate = true> <Delay = 0.39> <CoreInst = "Cmp">   --->   Core 9 'Cmp' <Latency = 0> <II = 1> <Delay = 0.39> <FuncUnit> <Opcode : 'icmp'> <InPorts = 2> <OutPorts = 1>
ST_1 : Operation 24 [1/1] (0.00ns)   --->   "%empty = speclooptripcount i32 @_ssdm_op_SpecLoopTripCount, i64 3, i64 3, i64 3"   --->   Operation 24 'speclooptripcount' 'empty' <Predicate = true> <Delay = 0.00>
ST_1 : Operation 25 [1/1] (0.62ns)   --->   "%add_ln56 = add i2 %j_1, i2 1" [../110061901_lab_a/Design_Optimization_Source_Code/lab1/matrixmul.cpp:56]   --->   Operation 25 'add' 'add_ln56' <Predicate = true> <Delay = 0.62> <CoreInst = "Adder">   --->   Core 1 'Adder' <Latency = 0> <II = 1> <Delay = 0.62> <FuncUnit> <Opcode : 'add' 'sub'> <InPorts = 2> <OutPorts = 1>
ST_1 : Operation 26 [1/1] (0.00ns)   --->   "%br_ln56 = br i1 %icmp_ln56, void %for.inc.split, void %for.inc29.exitStub" [../110061901_lab_a/Design_Optimization_Source_Code/lab1/matrixmul.cpp:56]   --->   Operation 26 'br' 'br_ln56' <Predicate = true> <Delay = 0.00>
ST_1 : Operation 27 [1/1] (0.46ns)   --->   "%store_ln56 = store i2 %add_ln56, i2 %j" [../110061901_lab_a/Design_Optimization_Source_Code/lab1/matrixmul.cpp:56]   --->   Operation 27 'store' 'store_ln56' <Predicate = (!icmp_ln56)> <Delay = 0.46>

State 2 <SV = 1> <Delay = 2.81>
ST_2 : Operation 28 [1/1] (1.72ns)   --->   "%b_0_read = read i8 @_ssdm_op_Read.ap_fifo.volatile.i8P0A, i8 %b_0" [../110061901_lab_a/Design_Optimization_Source_Code/lab1/matrixmul.cpp:60]   --->   Operation 28 'read' 'b_0_read' <Predicate = true> <Delay = 1.72> <CoreInst = "FIFO">   --->   Core 78 'FIFO' <Latency = 0> <II = 1> <Delay = 1.72> <Storage> <Opcode : 'read' 'write' 'nbread' 'nbwrite'> <Ports = 0> <Width = -1> <Depth = -1> <FIFO>
ST_2 : Operation 29 [1/1] (1.72ns)   --->   "%b_1_read = read i8 @_ssdm_op_Read.ap_fifo.volatile.i8P0A, i8 %b_1" [../110061901_lab_a/Design_Optimization_Source_Code/lab1/matrixmul.cpp:60]   --->   Operation 29 'read' 'b_1_read' <Predicate = true> <Delay = 1.72> <CoreInst = "FIFO">   --->   Core 78 'FIFO' <Latency = 0> <II = 1> <Delay = 1.72> <Storage> <Opcode : 'read' 'write' 'nbread' 'nbwrite'> <Ports = 0> <Width = -1> <Depth = -1> <FIFO>
ST_2 : Operation 30 [1/1] (1.72ns)   --->   "%b_2_read = read i8 @_ssdm_op_Read.ap_fifo.volatile.i8P0A, i8 %b_2" [../110061901_lab_a/Design_Optimization_Source_Code/lab1/matrixmul.cpp:60]   --->   Operation 30 'read' 'b_2_read' <Predicate = true> <Delay = 1.72> <CoreInst = "FIFO">   --->   Core 78 'FIFO' <Latency = 0> <II = 1> <Delay = 1.72> <Storage> <Opcode : 'read' 'write' 'nbread' 'nbwrite'> <Ports = 0> <Width = -1> <Depth = -1> <FIFO>
ST_2 : Operation 31 [1/1] (0.00ns)   --->   "%sext_ln60_5 = sext i8 %b_2_read" [../110061901_lab_a/Design_Optimization_Source_Code/lab1/matrixmul.cpp:60]   --->   Operation 31 'sext' 'sext_ln60_5' <Predicate = true> <Delay = 0.00>
ST_2 : Operation 32 [3/3] (1.08ns) (grouped into DSP with root node add_ln60)   --->   "%mul_ln60_2 = mul i16 %sext_ln60_5, i16 %sext_ln60_2_cast" [../110061901_lab_a/Design_Optimization_Source_Code/lab1/matrixmul.cpp:60]   --->   Operation 32 'mul' 'mul_ln60_2' <Predicate = true> <Delay = 1.08> <CoreInst = "DSP48">   --->   Core 127 'DSP48' <Latency = 3> <II = 1> <Delay = 0.69> <IPBlock> <Opcode : 'mul' 'add' 'sub' 'select'> <InPorts = 0> <OutPorts = 1> <Sync> <CReg>

State 3 <SV = 2> <Delay = 1.08>
ST_3 : Operation 33 [1/1] (0.00ns)   --->   "%sext_ln60_4 = sext i8 %b_1_read" [../110061901_lab_a/Design_Optimization_Source_Code/lab1/matrixmul.cpp:60]   --->   Operation 33 'sext' 'sext_ln60_4' <Predicate = true> <Delay = 0.00>
ST_3 : Operation 34 [3/3] (1.08ns) (grouped into DSP with root node add_ln60_1)   --->   "%mul_ln60_1 = mul i16 %sext_ln60_4, i16 %sext_ln60_1_cast" [../110061901_lab_a/Design_Optimization_Source_Code/lab1/matrixmul.cpp:60]   --->   Operation 34 'mul' 'mul_ln60_1' <Predicate = true> <Delay = 1.08> <CoreInst = "DSP48">   --->   Core 127 'DSP48' <Latency = 3> <II = 1> <Delay = 0.69> <IPBlock> <Opcode : 'mul' 'add' 'sub' 'select'> <InPorts = 0> <OutPorts = 1> <Sync> <CReg>
ST_3 : Operation 35 [2/3] (1.08ns) (grouped into DSP with root node add_ln60)   --->   "%mul_ln60_2 = mul i16 %sext_ln60_5, i16 %sext_ln60_2_cast" [../110061901_lab_a/Design_Optimization_Source_Code/lab1/matrixmul.cpp:60]   --->   Operation 35 'mul' 'mul_ln60_2' <Predicate = true> <Delay = 1.08> <CoreInst = "DSP48">   --->   Core 127 'DSP48' <Latency = 3> <II = 1> <Delay = 0.69> <IPBlock> <Opcode : 'mul' 'add' 'sub' 'select'> <InPorts = 0> <OutPorts = 1> <Sync> <CReg>

State 4 <SV = 3> <Delay = 2.52>
ST_4 : Operation 36 [1/1] (0.00ns)   --->   "%sext_ln60_3 = sext i8 %b_0_read" [../110061901_lab_a/Design_Optimization_Source_Code/lab1/matrixmul.cpp:60]   --->   Operation 36 'sext' 'sext_ln60_3' <Predicate = true> <Delay = 0.00>
ST_4 : Operation 37 [1/1] (1.69ns)   --->   "%mul_ln60 = mul i16 %sext_ln60_3, i16 %sext_ln60_cast" [../110061901_lab_a/Design_Optimization_Source_Code/lab1/matrixmul.cpp:60]   --->   Operation 37 'mul' 'mul_ln60' <Predicate = true> <Delay = 1.69> <CoreInst = "Multiplier">   --->   Core 3 'Multiplier' <Latency = 0> <II = 1> <Delay = 1.69> <FuncUnit> <Opcode : 'mul'> <InPorts = 2> <OutPorts = 1>
ST_4 : Operation 38 [2/3] (1.08ns) (grouped into DSP with root node add_ln60_1)   --->   "%mul_ln60_1 = mul i16 %sext_ln60_4, i16 %sext_ln60_1_cast" [../110061901_lab_a/Design_Optimization_Source_Code/lab1/matrixmul.cpp:60]   --->   Operation 38 'mul' 'mul_ln60_1' <Predicate = true> <Delay = 1.08> <CoreInst = "DSP48">   --->   Core 127 'DSP48' <Latency = 3> <II = 1> <Delay = 0.69> <IPBlock> <Opcode : 'mul' 'add' 'sub' 'select'> <InPorts = 0> <OutPorts = 1> <Sync> <CReg>
ST_4 : Operation 39 [1/3] (0.00ns) (grouped into DSP with root node add_ln60)   --->   "%mul_ln60_2 = mul i16 %sext_ln60_5, i16 %sext_ln60_2_cast" [../110061901_lab_a/Design_Optimization_Source_Code/lab1/matrixmul.cpp:60]   --->   Operation 39 'mul' 'mul_ln60_2' <Predicate = true> <Delay = 0.00> <CoreInst = "DSP48">   --->   Core 127 'DSP48' <Latency = 3> <II = 1> <Delay = 0.69> <IPBlock> <Opcode : 'mul' 'add' 'sub' 'select'> <InPorts = 0> <OutPorts = 1> <Sync> <CReg>
ST_4 : Operation 40 [2/2] (0.83ns) (root node of the DSP)   --->   "%add_ln60 = add i16 %mul_ln60, i16 %mul_ln60_2" [../110061901_lab_a/Design_Optimization_Source_Code/lab1/matrixmul.cpp:60]   --->   Operation 40 'add' 'add_ln60' <Predicate = true> <Delay = 0.83> <CoreInst = "DSP48">   --->   Core 127 'DSP48' <Latency = 3> <II = 1> <Delay = 0.69> <IPBlock> <Opcode : 'mul' 'add' 'sub' 'select'> <InPorts = 0> <OutPorts = 1> <Sync> <CReg>

State 5 <SV = 4> <Delay = 1.66>
ST_5 : Operation 41 [1/3] (0.00ns) (grouped into DSP with root node add_ln60_1)   --->   "%mul_ln60_1 = mul i16 %sext_ln60_4, i16 %sext_ln60_1_cast" [../110061901_lab_a/Design_Optimization_Source_Code/lab1/matrixmul.cpp:60]   --->   Operation 41 'mul' 'mul_ln60_1' <Predicate = true> <Delay = 0.00> <CoreInst = "DSP48">   --->   Core 127 'DSP48' <Latency = 3> <II = 1> <Delay = 0.69> <IPBlock> <Opcode : 'mul' 'add' 'sub' 'select'> <InPorts = 0> <OutPorts = 1> <Sync> <CReg>
ST_5 : Operation 42 [1/2] (0.83ns) (root node of the DSP)   --->   "%add_ln60 = add i16 %mul_ln60, i16 %mul_ln60_2" [../110061901_lab_a/Design_Optimization_Source_Code/lab1/matrixmul.cpp:60]   --->   Operation 42 'add' 'add_ln60' <Predicate = true> <Delay = 0.83> <CoreInst = "DSP48">   --->   Core 127 'DSP48' <Latency = 3> <II = 1> <Delay = 0.69> <IPBlock> <Opcode : 'mul' 'add' 'sub' 'select'> <InPorts = 0> <OutPorts = 1> <Sync> <CReg>
ST_5 : Operation 43 [2/2] (0.83ns) (root node of the DSP)   --->   "%add_ln60_1 = add i16 %add_ln60, i16 %mul_ln60_1" [../110061901_lab_a/Design_Optimization_Source_Code/lab1/matrixmul.cpp:60]   --->   Operation 43 'add' 'add_ln60_1' <Predicate = true> <Delay = 0.83> <CoreInst = "DSP48">   --->   Core 127 'DSP48' <Latency = 3> <II = 1> <Delay = 0.69> <IPBlock> <Opcode : 'mul' 'add' 'sub' 'select'> <InPorts = 0> <OutPorts = 1> <Sync> <CReg>
ST_5 : Operation 49 [1/1] (0.00ns)   --->   "%ret_ln0 = ret"   --->   Operation 49 'ret' 'ret_ln0' <Predicate = (icmp_ln56)> <Delay = 0.00>

State 6 <SV = 5> <Delay = 2.55>
ST_6 : Operation 44 [1/1] (0.00ns)   --->   "%specpipeline_ln9 = specpipeline void @_ssdm_op_SpecPipeline, i32 4294967295, i32 0, i32 0, i32 0, void @empty" [C:/Users/ShaneWu/OneDrive/Desktop/Documents/NTU/HLS/labA/hls_matrixmul_prj/solution5/directives.tcl:9]   --->   Operation 44 'specpipeline' 'specpipeline_ln9' <Predicate = true> <Delay = 0.00>
ST_6 : Operation 45 [1/1] (0.00ns)   --->   "%specloopname_ln56 = specloopname void @_ssdm_op_SpecLoopName, void @empty_2" [../110061901_lab_a/Design_Optimization_Source_Code/lab1/matrixmul.cpp:56]   --->   Operation 45 'specloopname' 'specloopname_ln56' <Predicate = true> <Delay = 0.00>
ST_6 : Operation 46 [1/2] (0.83ns) (root node of the DSP)   --->   "%add_ln60_1 = add i16 %add_ln60, i16 %mul_ln60_1" [../110061901_lab_a/Design_Optimization_Source_Code/lab1/matrixmul.cpp:60]   --->   Operation 46 'add' 'add_ln60_1' <Predicate = true> <Delay = 0.83> <CoreInst = "DSP48">   --->   Core 127 'DSP48' <Latency = 3> <II = 1> <Delay = 0.69> <IPBlock> <Opcode : 'mul' 'add' 'sub' 'select'> <InPorts = 0> <OutPorts = 1> <Sync> <CReg>
ST_6 : Operation 47 [1/1] (1.72ns)   --->   "%write_ln60 = write void @_ssdm_op_Write.ap_fifo.volatile.i16P0A, i16 %res, i16 %add_ln60_1" [../110061901_lab_a/Design_Optimization_Source_Code/lab1/matrixmul.cpp:60]   --->   Operation 47 'write' 'write_ln60' <Predicate = true> <Delay = 1.72> <CoreInst = "FIFO">   --->   Core 78 'FIFO' <Latency = 0> <II = 1> <Delay = 1.72> <Storage> <Opcode : 'read' 'write' 'nbread' 'nbwrite'> <Ports = 0> <Width = -1> <Depth = -1> <FIFO>
ST_6 : Operation 48 [1/1] (0.00ns)   --->   "%br_ln56 = br void %for.inc" [../110061901_lab_a/Design_Optimization_Source_Code/lab1/matrixmul.cpp:56]   --->   Operation 48 'br' 'br_ln56' <Predicate = true> <Delay = 0.00>


============================================================
+ Verbose Summary: Timing violations
============================================================
Target clock period: 10ns, clock uncertainty: 2.7ns.

 <State 1>: 1.08ns
The critical path consists of the following:
	'alloca' operation ('j') [8]  (0 ns)
	'load' operation ('j', ../110061901_lab_a/Design_Optimization_Source_Code/lab1/matrixmul.cpp:56) on local variable 'j' [22]  (0 ns)
	'add' operation ('add_ln56', ../110061901_lab_a/Design_Optimization_Source_Code/lab1/matrixmul.cpp:56) [25]  (0.621 ns)
	'store' operation ('store_ln56', ../110061901_lab_a/Design_Optimization_Source_Code/lab1/matrixmul.cpp:56) of variable 'add_ln56', ../110061901_lab_a/Design_Optimization_Source_Code/lab1/matrixmul.cpp:56 on local variable 'j' [42]  (0.46 ns)

 <State 2>: 2.82ns
The critical path consists of the following:
	fifo read operation ('b_2_read', ../110061901_lab_a/Design_Optimization_Source_Code/lab1/matrixmul.cpp:60) on port 'b_2' (../110061901_lab_a/Design_Optimization_Source_Code/lab1/matrixmul.cpp:60) [36]  (1.73 ns)
	'mul' operation of DSP[39] ('mul_ln60_2', ../110061901_lab_a/Design_Optimization_Source_Code/lab1/matrixmul.cpp:60) [38]  (1.09 ns)

 <State 3>: 1.09ns
The critical path consists of the following:
	'mul' operation of DSP[40] ('mul_ln60_1', ../110061901_lab_a/Design_Optimization_Source_Code/lab1/matrixmul.cpp:60) [35]  (1.09 ns)

 <State 4>: 2.52ns
The critical path consists of the following:
	'mul' operation ('mul_ln60', ../110061901_lab_a/Design_Optimization_Source_Code/lab1/matrixmul.cpp:60) [32]  (1.69 ns)
	'add' operation of DSP[39] ('add_ln60', ../110061901_lab_a/Design_Optimization_Source_Code/lab1/matrixmul.cpp:60) [39]  (0.831 ns)

 <State 5>: 1.66ns
The critical path consists of the following:
	'add' operation of DSP[39] ('add_ln60', ../110061901_lab_a/Design_Optimization_Source_Code/lab1/matrixmul.cpp:60) [39]  (0.831 ns)
	'add' operation of DSP[40] ('add_ln60_1', ../110061901_lab_a/Design_Optimization_Source_Code/lab1/matrixmul.cpp:60) [40]  (0.831 ns)

 <State 6>: 2.56ns
The critical path consists of the following:
	'add' operation of DSP[40] ('add_ln60_1', ../110061901_lab_a/Design_Optimization_Source_Code/lab1/matrixmul.cpp:60) [40]  (0.831 ns)
	fifo write operation ('write_ln60', ../110061901_lab_a/Design_Optimization_Source_Code/lab1/matrixmul.cpp:60) on port 'res' (../110061901_lab_a/Design_Optimization_Source_Code/lab1/matrixmul.cpp:60) [41]  (1.73 ns)


============================================================
+ Verbose Summary: Binding
============================================================
N/A
* FSMD analyzer results:
  - Output states:
 - Input state : 
  - Chain level:
	State 1
	State 2
	State 3
	State 4
	State 5
	State 6


============================================================
+ Verbose Summary: Datapath Resource usage 
============================================================
N/A
